[INFO] Scanning for projects...
[INFO] 
[INFO] ----------------------< com.esd:hotelmanagement >-----------------------
[INFO] Building Hotel Management System 1.0.0
[INFO]   from pom.xml
[INFO] --------------------------------[ jar ]---------------------------------
[INFO] 
[INFO] --- resources:3.3.1:resources (default-resources) @ hotelmanagement ---
[INFO] Copying 2 resources from src\main\resources to target\classes
[INFO] Copying 0 resource from src\main\resources to target\classes
[INFO] 
[INFO] --- compiler:3.13.0:compile (default-compile) @ hotelmanagement ---
[INFO] Nothing to compile - all classes are up to date.
[INFO] 
[INFO] --- resources:3.3.1:testResources (default-testResources) @ hotelmanagement ---
[INFO] skip non existing resourceDirectory F:\ESD_Project_springboot\src\test\resources
[INFO] 
[INFO] --- compiler:3.13.0:testCompile (default-testCompile) @ hotelmanagement ---
[INFO] No sources to compile
[INFO] 
[INFO] --- surefire:3.1.2:test (default-test) @ hotelmanagement ---
[INFO] No tests to run.
[INFO] ------------------------------------------------------------------------
[INFO] BUILD SUCCESS
[INFO] ------------------------------------------------------------------------
[INFO] Total time:  3.156 s
[INFO] Finished at: 2025-12-07T17:42:45+05:00
[INFO] ------------------------------------------------------------------------
